
> [ERROR] COMPILATION 
ERROR : 
  [INFO] --------------
-----------------------
-----------------------
-
> [ERROR] /D:/Projetos/
MetasFlowNew/bff-meta-f
low/src/main/java/com/m
etasflow/bff/config/Sec
urityConfig.java:[27,12
] cannot find symbol
    symbol:   class 
SecurityFilterChain
    location: class com
.metasflow.bff.config.S
ecurityConfig
> [INFO] 1 error
  [INFO] --------------
-----------------------
-----------------------
-
  [INFO] --------------
-----------------------
-----------------------
------------
> [ERROR] Failed to 
execute goal org.apache
.maven.plugins:maven-co
mpiler-plugin:3.14.1:co
mpile 
(default-compile) on 
project demo: 
Compilation failure
> [ERROR] /D:/Projetos/
MetasFlowNew/bff-meta-f
low/src/main/java/com/m
etasflow/bff/config/Sec
urityConfig.java:[27,12
] cannot find symbol
> [ERROR]   symbol:   
class 
SecurityFilterChain
> [ERROR]   location: 
class com.metasflow.bff
.config.SecurityConfig
> [ERROR] 
> [ERROR] -> [Help 1]
> [ERROR] 
> [ERROR] To see the 
full stack trace of 
the errors, re-run 
Maven with the -e 
switch.
> [ERROR] Re-run Maven 
using the -X switch to 
enable full debug 
logging.
> [ERROR] 
> [ERROR] For more 
information about the 
errors and possible 
solutions, please read 
the following articles:
> [ERROR] [Help 1] http
://cwiki.apache.org/con
fluence/display/MAVEN/M
ojoFailureException


